[2026-05-24 20:54:15] === 操作: changelog, 源: auto ===
[2026-05-24 20:54:15] 私有节点日志: https://update.xiaoxuanzz.cloud/index.php?route=api/zukicloud/changelog&limit=20&page=1
[2026-05-24 20:54:25] 私有日志失败，降级 GitHub
[2026-05-24 20:54:25] GitHub 节点跳过日志获取
[2026-05-24 20:54:25] === 操作: check, 源: auto ===
[2026-05-24 20:54:25] 私有检查: https://update.xiaoxuanzz.cloud/index.php?route=api/zukicloud/check&_=1779627265
[2026-05-24 20:54:35] 私有检查失败，降级 GitHub
[2026-05-24 20:54:35] GitHub commit检查: bf4b6bf
[2026-05-24 20:54:35] === 操作: check, 源: auto ===
[2026-05-24 20:54:35] 私有检查: https://update.xiaoxuanzz.cloud/index.php?route=api/zukicloud/check&_=1779627275
[2026-05-24 20:54:45] 私有检查失败，降级 GitHub
[2026-05-24 20:54:45] GitHub commit检查: bf4b6bf
[2026-05-24 20:54:45] === 操作: check, 源: auto ===
[2026-05-24 20:54:45] 私有检查: https://update.xiaoxuanzz.cloud/index.php?route=api/zukicloud/check&_=1779627285
[2026-05-24 20:54:55] 私有检查失败，降级 GitHub
[2026-05-24 20:54:57] GitHub commit检查: bf4b6bf
[2026-05-24 20:55:42] === 操作: changelog, 源: auto ===
[2026-05-24 20:55:42] 私有节点日志: https://update.xiaoxuanzz.cloud/index.php?route=api/zukicloud/changelog&limit=20&page=1
[2026-05-24 20:55:52] 私有日志失败，降级 GitHub
[2026-05-24 20:55:52] GitHub 节点跳过日志获取
[2026-05-24 20:55:52] === 操作: check, 源: auto ===
[2026-05-24 20:55:52] 私有检查: https://update.xiaoxuanzz.cloud/index.php?route=api/zukicloud/check&_=1779627352
[2026-05-24 20:56:02] 私有检查失败，降级 GitHub
[2026-05-24 20:56:03] GitHub commit检查: bf4b6bf
[2026-05-24 20:56:03] === 操作: check, 源: auto ===
[2026-05-24 20:56:03] 私有检查: https://update.xiaoxuanzz.cloud/index.php?route=api/zukicloud/check&_=1779627363
[2026-05-24 20:56:13] 私有检查失败，降级 GitHub
[2026-05-24 20:56:13] GitHub commit检查: bf4b6bf
[2026-05-25 08:07:24] === 操作: changelog, 源: auto ===
[2026-05-25 08:07:24] 私有节点日志: https://update.xiaoxuanzz.cloud/index.php?route=api/zukicloud/changelog&limit=20&page=1
[2026-05-25 08:07:24] 私有日志成功: 3 条
[2026-05-25 08:07:24] === 操作: check, 源: auto ===
[2026-05-25 08:07:24] 私有检查: https://update.xiaoxuanzz.cloud/index.php?route=api/zukicloud/check&_=1779667644
[2026-05-25 08:07:24] 私有检查成功: v2.1.2
[2026-05-25 08:07:25] === 操作: check, 源: auto ===
[2026-05-25 08:07:25] 私有检查: https://update.xiaoxuanzz.cloud/index.php?route=api/zukicloud/check&_=1779667645
[2026-05-25 08:07:25] 私有检查成功: v2.1.2
[2026-05-25 10:02:41] === 操作: changelog, 源: auto ===
[2026-05-25 10:02:41] 私有节点日志: https://update.xiaoxuanzz.cloud/index.php?route=api/zukicloud/changelog&limit=20&page=1
[2026-05-25 10:02:42] 私有日志成功: 3 条
[2026-05-25 10:02:42] === 操作: check, 源: auto ===
[2026-05-25 10:02:42] 私有检查: https://update.xiaoxuanzz.cloud/index.php?route=api/zukicloud/check&_=1779674562
[2026-05-25 10:02:42] 私有检查成功: v2.1.2
[2026-05-25 10:02:42] === 操作: check, 源: auto ===
[2026-05-25 10:02:42] 私有检查: https://update.xiaoxuanzz.cloud/index.php?route=api/zukicloud/check&_=1779674562
[2026-05-25 10:02:43] 私有检查成功: v2.1.2
[2026-05-25 16:31:26] === 操作: changelog, 源: auto ===
[2026-05-25 16:31:26] 私有节点日志: https://update.xiaoxuanzz.cloud/index.php?route=api/zukicloud/changelog&limit=20&page=1
[2026-05-25 16:31:27] 私有日志成功: 3 条
[2026-05-25 16:31:27] === 操作: check, 源: auto ===
[2026-05-25 16:31:27] 私有检查: https://update.xiaoxuanzz.cloud/index.php?route=api/zukicloud/check&_=1779697887
[2026-05-25 16:31:27] 私有检查成功: v2.1.2
[2026-05-25 16:31:28] === 操作: check, 源: auto ===
[2026-05-25 16:31:28] 私有检查: https://update.xiaoxuanzz.cloud/index.php?route=api/zukicloud/check&_=1779697888
[2026-05-25 16:31:28] 私有检查成功: v2.1.2
[2026-06-03 20:32:48] === 操作: check, 源: auto ===
[2026-06-03 20:32:48] 私有检查: https://update.xiaoxuanzz.cloud/index.php?route=api/zukicloud/check&_=1780489968
[2026-06-03 20:32:48] 私有检查成功: v2.1.3
[2026-06-03 20:32:49] === 操作: changelog, 源: auto ===
[2026-06-03 20:32:49] 私有节点日志: https://update.xiaoxuanzz.cloud/index.php?route=api/zukicloud/changelog&limit=20&page=1
[2026-06-03 20:32:49] 私有日志成功: 4 条
[2026-06-03 20:32:50] === 操作: check, 源: auto ===
[2026-06-03 20:32:50] 私有检查: https://update.xiaoxuanzz.cloud/index.php?route=api/zukicloud/check&_=1780489970
[2026-06-03 20:32:50] 私有检查成功: v2.1.3
[2026-06-03 20:32:50] === 操作: check, 源: auto ===
[2026-06-03 20:32:50] 私有检查: https://update.xiaoxuanzz.cloud/index.php?route=api/zukicloud/check&_=1780489970
[2026-06-03 20:32:50] 私有检查成功: v2.1.3
[2026-06-22 15:56:54] === 操作: check, 源: auto ===
[2026-06-22 15:56:54] 私有检查: https://update.xiaoxuanzz.cloud/index.php?route=api/zukicloud/check&_=1782115014
[2026-06-22 15:56:54] 私有检查成功: v2.1.3
[2026-06-22 15:56:55] === 操作: changelog, 源: auto ===
[2026-06-22 15:56:55] 私有节点日志: https://update.xiaoxuanzz.cloud/index.php?route=api/zukicloud/changelog&limit=20&page=1
[2026-06-22 15:56:55] 私有日志成功: 4 条
[2026-06-22 15:56:55] === 操作: check, 源: auto ===
[2026-06-22 15:56:55] 私有检查: https://update.xiaoxuanzz.cloud/index.php?route=api/zukicloud/check&_=1782115015
[2026-06-22 15:56:55] 私有检查成功: v2.1.3
[2026-06-22 15:56:55] === 操作: check, 源: auto ===
[2026-06-22 15:56:55] 私有检查: https://update.xiaoxuanzz.cloud/index.php?route=api/zukicloud/check&_=1782115015
[2026-06-22 15:56:55] 私有检查成功: v2.1.3
[2026-06-22 15:56:56] === 操作: check, 源: auto ===
[2026-06-22 15:56:56] 私有检查: https://update.xiaoxuanzz.cloud/index.php?route=api/zukicloud/check&_=1782115016
[2026-06-22 15:56:56] 私有检查成功: v2.1.3
[2026-06-22 15:56:59] === 操作: check, 源: auto ===
[2026-06-22 15:56:59] 私有检查: https://update.xiaoxuanzz.cloud/index.php?route=api/zukicloud/check&_=1782115019
[2026-06-22 15:57:00] 私有检查成功: v2.1.3
[2026-06-22 15:57:01] === 操作: check, 源: auto ===
[2026-06-22 15:57:01] 私有检查: https://update.xiaoxuanzz.cloud/index.php?route=api/zukicloud/check&_=1782115021
[2026-06-22 15:57:02] 私有检查成功: v2.1.3
[2026-06-22 15:57:02] === 操作: check, 源: auto ===
[2026-06-22 15:57:02] 私有检查: https://update.xiaoxuanzz.cloud/index.php?route=api/zukicloud/check&_=1782115022
[2026-06-22 15:57:03] 私有检查成功: v2.1.3
[2026-06-22 19:30:55] === 操作: check, 源: auto ===
[2026-06-22 19:30:55] 私有检查: https://update.xiaoxuanzz.cloud/index.php?route=api/zukicloud/check&_=1782127855
[2026-06-22 19:30:55] 私有检查成功: v2.1.3
[2026-06-22 19:30:57] === 操作: changelog, 源: auto ===
[2026-06-22 19:30:57] 私有节点日志: https://update.xiaoxuanzz.cloud/index.php?route=api/zukicloud/changelog&limit=20&page=1
[2026-06-22 19:30:57] 私有日志成功: 4 条
[2026-06-22 19:30:57] === 操作: check, 源: auto ===
[2026-06-22 19:30:57] 私有检查: https://update.xiaoxuanzz.cloud/index.php?route=api/zukicloud/check&_=1782127857
[2026-06-22 19:30:57] 私有检查成功: v2.1.3
[2026-06-22 19:30:57] === 操作: check, 源: auto ===
[2026-06-22 19:30:57] 私有检查: https://update.xiaoxuanzz.cloud/index.php?route=api/zukicloud/check&_=1782127857
[2026-06-22 19:30:57] 私有检查成功: v2.1.3
[2026-06-22 19:33:45] === 操作: changelog, 源: auto ===
[2026-06-22 19:33:45] 私有节点日志: https://update.xiaoxuanzz.cloud/index.php?route=api/zukicloud/changelog&limit=20&page=1
[2026-06-22 19:33:45] 私有日志成功: 4 条
[2026-06-22 19:33:45] === 操作: check, 源: auto ===
[2026-06-22 19:33:45] 私有检查: https://update.xiaoxuanzz.cloud/index.php?route=api/zukicloud/check&_=1782128025
[2026-06-22 19:33:45] 私有检查成功: v2.1.3
[2026-06-22 19:33:45] === 操作: check, 源: auto ===
[2026-06-22 19:33:45] 私有检查: https://update.xiaoxuanzz.cloud/index.php?route=api/zukicloud/check&_=1782128025
[2026-06-22 19:33:45] 私有检查成功: v2.1.3
[2026-06-22 19:35:14] === 操作: check, 源: auto ===
[2026-06-22 19:35:14] 私有检查: https://update.xiaoxuanzz.cloud/index.php?route=api/zukicloud/check&_=1782128114
[2026-06-22 19:35:14] 私有检查成功: v2.1.3
[2026-06-22 19:40:58] === 操作: check, 源: auto ===
[2026-06-22 19:40:58] 私有检查: https://update.xiaoxuanzz.cloud/index.php?route=api/zukicloud/check&_=1782128458
[2026-06-22 19:40:58] 私有检查成功: v2.1.3
[2026-06-22 19:40:58] === 操作: changelog, 源: auto ===
[2026-06-22 19:40:58] 私有节点日志: https://update.xiaoxuanzz.cloud/index.php?route=api/zukicloud/changelog&limit=20&page=1
[2026-06-22 19:40:59] 私有日志成功: 4 条
[2026-06-22 19:40:59] === 操作: check, 源: auto ===
[2026-06-22 19:40:59] 私有检查: https://update.xiaoxuanzz.cloud/index.php?route=api/zukicloud/check&_=1782128459
[2026-06-22 19:40:59] 私有检查成功: v2.1.3
[2026-06-22 19:58:51] === 操作: changelog, 源: auto ===
[2026-06-22 19:58:51] 私有节点日志: https://update.xiaoxuanzz.cloud/index.php?route=api/zukicloud/changelog&limit=20&page=1
[2026-06-22 19:58:51] 私有日志成功: 4 条
[2026-06-22 19:58:51] === 操作: check, 源: auto ===
[2026-06-22 19:58:51] 私有检查: https://update.xiaoxuanzz.cloud/index.php?route=api/zukicloud/check&_=1782129531
[2026-06-22 19:58:51] 私有检查成功: v2.1.3
[2026-06-22 19:58:51] === 操作: check, 源: auto ===
[2026-06-22 19:58:51] 私有检查: https://update.xiaoxuanzz.cloud/index.php?route=api/zukicloud/check&_=1782129531
[2026-06-22 19:58:52] 私有检查成功: v2.1.3
[2026-06-22 20:05:02] === 操作: check, 源: auto ===
[2026-06-22 20:05:02] 私有检查: https://update.xiaoxuanzz.cloud/index.php?route=api/zukicloud/check&_=1782129902
[2026-06-22 20:05:02] 私有检查成功: v2.1.3
[2026-06-22 20:05:03] === 操作: changelog, 源: auto ===
[2026-06-22 20:05:03] 私有节点日志: https://update.xiaoxuanzz.cloud/index.php?route=api/zukicloud/changelog&limit=20&page=1
[2026-06-22 20:05:03] 私有日志成功: 4 条
[2026-06-22 20:05:03] === 操作: check, 源: auto ===
[2026-06-22 20:05:03] 私有检查: https://update.xiaoxuanzz.cloud/index.php?route=api/zukicloud/check&_=1782129903
[2026-06-22 20:05:03] 私有检查成功: v2.1.3
[2026-06-22 20:05:03] === 操作: check, 源: auto ===
[2026-06-22 20:05:03] 私有检查: https://update.xiaoxuanzz.cloud/index.php?route=api/zukicloud/check&_=1782129903
[2026-06-22 20:05:04] 私有检查成功: v2.1.3
[2026-06-22 20:09:07] === 操作: changelog, 源: auto ===
[2026-06-22 20:09:07] 私有节点日志: https://update.xiaoxuanzz.cloud/index.php?route=api/zukicloud/changelog&limit=20&page=1
[2026-06-22 20:09:07] 私有日志成功: 4 条
[2026-06-22 20:09:07] === 操作: check, 源: auto ===
[2026-06-22 20:09:07] 私有检查: https://update.xiaoxuanzz.cloud/index.php?route=api/zukicloud/check&_=1782130147
[2026-06-22 20:09:07] 私有检查成功: v2.1.3
[2026-06-22 20:09:08] === 操作: check, 源: auto ===
[2026-06-22 20:09:08] 私有检查: https://update.xiaoxuanzz.cloud/index.php?route=api/zukicloud/check&_=1782130148
[2026-06-22 20:09:08] 私有检查成功: v2.1.3
[2026-06-22 20:19:07] === 操作: changelog, 源: uhub ===
[2026-06-22 20:19:07] 私有节点日志: https://update.xiaoxuanzz.cloud/index.php?route=api/zukicloud/changelog&limit=20&page=1
[2026-06-22 20:19:07] 私有日志成功: 4 条
[2026-06-22 20:19:07] === 操作: check, 源: uhub ===
[2026-06-22 20:19:07] 私有检查: https://update.xiaoxuanzz.cloud/index.php?route=api/zukicloud/check&_=1782130747
[2026-06-22 20:19:07] 私有检查成功: v2.1.3
[2026-06-22 20:19:07] === 操作: check, 源: uhub ===
[2026-06-22 20:19:07] 私有检查: https://update.xiaoxuanzz.cloud/index.php?route=api/zukicloud/check&_=1782130747
[2026-06-22 20:19:08] 私有检查成功: v2.1.3
[2026-06-22 20:34:51] === 操作: changelog, 源: uhub ===
[2026-06-22 20:34:51] 私有节点日志: https://update.xiaoxuanzz.cloud/index.php?route=api/mycloud/changelog&limit=20&page=1
[2026-06-22 20:34:51] 私有日志成功: 1 条
[2026-06-22 20:34:51] === 操作: check, 源: uhub ===
[2026-06-22 20:34:51] 私有检查: https://update.xiaoxuanzz.cloud/index.php?route=api/mycloud/check&_=1782131691
[2026-06-22 20:34:51] 私有检查成功: v1.0
[2026-06-22 20:34:51] === 操作: check, 源: uhub ===
[2026-06-22 20:34:51] 私有检查: https://update.xiaoxuanzz.cloud/index.php?route=api/mycloud/check&_=1782131691
[2026-06-22 20:34:52] 私有检查成功: v1.0
[2026-06-22 20:35:00] === 操作: check, 源: uhub ===
[2026-06-22 20:35:00] 私有检查: https://update.xiaoxuanzz.cloud/index.php?route=api/zukicloud/check&_=1782131700
[2026-06-22 20:35:00] 私有检查成功: v2.1.3
[2026-06-22 20:35:00] === 操作: changelog, 源: uhub ===
[2026-06-22 20:35:00] 私有节点日志: https://update.xiaoxuanzz.cloud/index.php?route=api/zukicloud/changelog&limit=20&page=1
[2026-06-22 20:35:00] 私有日志成功: 4 条
[2026-06-22 20:35:00] === 操作: check, 源: uhub ===
[2026-06-22 20:35:00] 私有检查: https://update.xiaoxuanzz.cloud/index.php?route=api/zukicloud/check&_=1782131700
[2026-06-22 20:35:00] 私有检查成功: v2.1.3
[2026-06-22 20:39:00] === 操作: changelog, 源: uhub ===
[2026-06-22 20:39:00] 私有节点日志: https://update.xiaoxuanzz.cloud/index.php?route=api/zukicloud/changelog&limit=20&page=1
[2026-06-22 20:39:01] 私有日志成功: 5 条
[2026-06-22 20:39:01] === 操作: check, 源: uhub ===
[2026-06-22 20:39:01] 私有检查: https://update.xiaoxuanzz.cloud/index.php?route=api/zukicloud/check&_=1782131941
[2026-06-22 20:39:01] 私有检查成功: v2.1.4
[2026-06-22 20:39:01] === 操作: check, 源: uhub ===
[2026-06-22 20:39:01] 私有检查: https://update.xiaoxuanzz.cloud/index.php?route=api/zukicloud/check&_=1782131941
[2026-06-22 20:39:01] 私有检查成功: v2.1.4
